
running 1 test
[2m2026-04-02T13:12:27.361971Z[0m [33m WARN[0m [1mload_from_directory[0m[1m{[0m[3mpath[0m[2m=[0m"integrations"[1m}[0m[2m:[0m [2mferroflux_core::integrations::registry[0m[2m:[0m Integration directory does not exist [3mpath[0m[2m=[0mintegrations
DEBUG: registering core nodes
[2m2026-04-02T13:12:27.872362Z[0m [32m INFO[0m [1mload_graph_from_str[0m[2m:[0m [2mferroflux_core::graph_loader[0m[2m:[0m Spawned Node [3mentity[0m[2m=[0m0v1 [3mnode_name[0m[2m=[0mExtract Type [3mnode_type[0m[2m=[0mcore.utils.json
[2m2026-04-02T13:12:27.872415Z[0m [32m INFO[0m [1mload_graph_from_str[0m[2m:[0m [2mferroflux_core::graph_loader[0m[2m:[0m Spawned Node [3mentity[0m[2m=[0m1v1 [3mnode_name[0m[2m=[0mExtract Value [3mnode_type[0m[2m=[0mcore.utils.json
[2m2026-04-02T13:12:27.872437Z[0m [32m INFO[0m [1mload_graph_from_str[0m[2m:[0m [2mferroflux_core::graph_loader[0m[2m:[0m Spawned Node [3mentity[0m[2m=[0m2v1 [3mnode_name[0m[2m=[0mConstant 'order' [3mnode_type[0m[2m=[0mcore.action.script
[2m2026-04-02T13:12:27.872460Z[0m [32m INFO[0m [1mload_graph_from_str[0m[2m:[0m [2mferroflux_core::graph_loader[0m[2m:[0m Spawned Node [3mentity[0m[2m=[0m3v1 [3mnode_name[0m[2m=[0mConstant 500 [3mnode_type[0m[2m=[0mcore.action.script
[2m2026-04-02T13:12:27.872483Z[0m [32m INFO[0m [1mload_graph_from_str[0m[2m:[0m [2mferroflux_core::graph_loader[0m[2m:[0m Spawned Node [3mentity[0m[2m=[0m4v1 [3mnode_name[0m[2m=[0mCheck if Order [3mnode_type[0m[2m=[0mcore.logic.condition
[2m2026-04-02T13:12:27.872501Z[0m [32m INFO[0m [1mload_graph_from_str[0m[2m:[0m [2mferroflux_core::graph_loader[0m[2m:[0m Spawned Node [3mentity[0m[2m=[0m5v1 [3mnode_name[0m[2m=[0mCheck if High Value [3mnode_type[0m[2m=[0mcore.logic.condition
[2m2026-04-02T13:12:27.872520Z[0m [32m INFO[0m [1mload_graph_from_str[0m[2m:[0m [2mferroflux_core::graph_loader[0m[2m:[0m Spawned Node [3mentity[0m[2m=[0m6v1 [3mnode_name[0m[2m=[0mNot an Order [3mnode_type[0m[2m=[0mcore.action.log
[2m2026-04-02T13:12:27.872540Z[0m [32m INFO[0m [1mload_graph_from_str[0m[2m:[0m [2mferroflux_core::graph_loader[0m[2m:[0m Spawned Node [3mentity[0m[2m=[0m7v1 [3mnode_name[0m[2m=[0mHigh Value Order [3mnode_type[0m[2m=[0mcore.action.log
[2m2026-04-02T13:12:27.872560Z[0m [32m INFO[0m [1mload_graph_from_str[0m[2m:[0m [2mferroflux_core::graph_loader[0m[2m:[0m Spawned Node [3mentity[0m[2m=[0m8v1 [3mnode_name[0m[2m=[0mLow Value Order [3mnode_type[0m[2m=[0mcore.action.log
[2m2026-04-02T13:12:27.872577Z[0m [32m INFO[0m [1mload_graph_from_str[0m[2m:[0m [2mferroflux_core::graph_loader[0m[2m:[0m Spawned Node [3mentity[0m[2m=[0m9v1 [3mnode_name[0m[2m=[0mIncoming Webhook [3mnode_type[0m[2m=[0mcore.trigger.webhook
[2m2026-04-02T13:12:27.872601Z[0m [32m INFO[0m [1mload_graph_from_str[0m[2m:[0m [2mferroflux_core::graph_loader[0m[2m:[0m Spawned Edge [3msource[0m[2m=[0m9v1 [3mtarget[0m[2m=[0m0v1 [3msource_id[0m[2m=[0mwebhook_in [3mtarget_id[0m[2m=[0mget_type
[2m2026-04-02T13:12:27.872616Z[0m [32m INFO[0m [1mload_graph_from_str[0m[2m:[0m [2mferroflux_core::graph_loader[0m[2m:[0m Spawned Edge [3msource[0m[2m=[0m9v1 [3mtarget[0m[2m=[0m0v1 [3msource_id[0m[2m=[0mwebhook_in [3mtarget_id[0m[2m=[0mget_type
[2m2026-04-02T13:12:27.872630Z[0m [32m INFO[0m [1mload_graph_from_str[0m[2m:[0m [2mferroflux_core::graph_loader[0m[2m:[0m Spawned Edge [3msource[0m[2m=[0m0v1 [3mtarget[0m[2m=[0m1v1 [3msource_id[0m[2m=[0mget_type [3mtarget_id[0m[2m=[0mget_value
[2m2026-04-02T13:12:27.872643Z[0m [32m INFO[0m [1mload_graph_from_str[0m[2m:[0m [2mferroflux_core::graph_loader[0m[2m:[0m Spawned Edge [3msource[0m[2m=[0m9v1 [3mtarget[0m[2m=[0m1v1 [3msource_id[0m[2m=[0mwebhook_in [3mtarget_id[0m[2m=[0mget_value
[2m2026-04-02T13:12:27.872657Z[0m [32m INFO[0m [1mload_graph_from_str[0m[2m:[0m [2mferroflux_core::graph_loader[0m[2m:[0m Spawned Edge [3msource[0m[2m=[0m1v1 [3mtarget[0m[2m=[0m2v1 [3msource_id[0m[2m=[0mget_value [3mtarget_id[0m[2m=[0mconst_order
[2m2026-04-02T13:12:27.872686Z[0m [32m INFO[0m [1mload_graph_from_str[0m[2m:[0m [2mferroflux_core::graph_loader[0m[2m:[0m Spawned Edge [3msource[0m[2m=[0m2v1 [3mtarget[0m[2m=[0m3v1 [3msource_id[0m[2m=[0mconst_order [3mtarget_id[0m[2m=[0mconst_500
[2m2026-04-02T13:12:27.872700Z[0m [32m INFO[0m [1mload_graph_from_str[0m[2m:[0m [2mferroflux_core::graph_loader[0m[2m:[0m Spawned Edge [3msource[0m[2m=[0m3v1 [3mtarget[0m[2m=[0m4v1 [3msource_id[0m[2m=[0mconst_500 [3mtarget_id[0m[2m=[0mcheck_type
[2m2026-04-02T13:12:27.872712Z[0m [32m INFO[0m [1mload_graph_from_str[0m[2m:[0m [2mferroflux_core::graph_loader[0m[2m:[0m Spawned Edge [3msource[0m[2m=[0m0v1 [3mtarget[0m[2m=[0m4v1 [3msource_id[0m[2m=[0mget_type [3mtarget_id[0m[2m=[0mcheck_type
[2m2026-04-02T13:12:27.872726Z[0m [32m INFO[0m [1mload_graph_from_str[0m[2m:[0m [2mferroflux_core::graph_loader[0m[2m:[0m Spawned Edge [3msource[0m[2m=[0m2v1 [3mtarget[0m[2m=[0m4v1 [3msource_id[0m[2m=[0mconst_order [3mtarget_id[0m[2m=[0mcheck_type
[2m2026-04-02T13:12:27.872739Z[0m [32m INFO[0m [1mload_graph_from_str[0m[2m:[0m [2mferroflux_core::graph_loader[0m[2m:[0m Spawned Edge [3msource[0m[2m=[0m4v1 [3mtarget[0m[2m=[0m6v1 [3msource_id[0m[2m=[0mcheck_type [3mtarget_id[0m[2m=[0mlog_not_order
[2m2026-04-02T13:12:27.872751Z[0m [32m INFO[0m [1mload_graph_from_str[0m[2m:[0m [2mferroflux_core::graph_loader[0m[2m:[0m Spawned Edge [3msource[0m[2m=[0m4v1 [3mtarget[0m[2m=[0m5v1 [3msource_id[0m[2m=[0mcheck_type [3mtarget_id[0m[2m=[0mcheck_value
[2m2026-04-02T13:12:27.872764Z[0m [32m INFO[0m [1mload_graph_from_str[0m[2m:[0m [2mferroflux_core::graph_loader[0m[2m:[0m Spawned Edge [3msource[0m[2m=[0m1v1 [3mtarget[0m[2m=[0m5v1 [3msource_id[0m[2m=[0mget_value [3mtarget_id[0m[2m=[0mcheck_value
[2m2026-04-02T13:12:27.872777Z[0m [32m INFO[0m [1mload_graph_from_str[0m[2m:[0m [2mferroflux_core::graph_loader[0m[2m:[0m Spawned Edge [3msource[0m[2m=[0m3v1 [3mtarget[0m[2m=[0m5v1 [3msource_id[0m[2m=[0mconst_500 [3mtarget_id[0m[2m=[0mcheck_value
[2m2026-04-02T13:12:27.872790Z[0m [32m INFO[0m [1mload_graph_from_str[0m[2m:[0m [2mferroflux_core::graph_loader[0m[2m:[0m Spawned Edge [3msource[0m[2m=[0m5v1 [3mtarget[0m[2m=[0m7v1 [3msource_id[0m[2m=[0mcheck_value [3mtarget_id[0m[2m=[0mlog_high_order
[2m2026-04-02T13:12:27.872802Z[0m [32m INFO[0m [1mload_graph_from_str[0m[2m:[0m [2mferroflux_core::graph_loader[0m[2m:[0m Spawned Edge [3msource[0m[2m=[0m5v1 [3mtarget[0m[2m=[0m8v1 [3msource_id[0m[2m=[0mcheck_value [3mtarget_id[0m[2m=[0mlog_low_order
[2m2026-04-02T13:12:27.872819Z[0m [32m INFO[0m [1mload_graph_from_str[0m[2m:[0m [2mferroflux_core::graph_loader[0m[2m:[0m Populated NodeRouter [3mcount[0m[2m=[0m10
>>> CASE 1: High value order
[2m2026-04-02T13:12:27.873715Z[0m [32m INFO[0m [2mferroflux_core::api::handlers::trigger[0m[2m:[0m Processing TriggerNode command [3mnode_id[0m[2m=[0mce9ee1a2-1765-5705-b4eb-c8fce297fcb5
[2m2026-04-02T13:12:27.873881Z[0m [32m INFO[0m [2mferroflux_core::api::handlers::trigger[0m[2m:[0m Trigger sent to OUTBOX (Source Node) [3mentity[0m[2m=[0m9v1
[2m2026-04-02T13:12:27.874868Z[0m [34mDEBUG[0m [1mupdate_graph_topology[0m[2m:[0m [2mferroflux_core::systems::transport[0m[2m:[0m Graph topology changed or uninitialized, rebuilding adjacency cache [3medge_count[0m[2m=[0m15
[2m2026-04-02T13:12:27.874879Z[0m [34mDEBUG[0m [1mupdate_graph_topology[0m[2m:[0m [2mferroflux_core::systems::transport[0m[2m:[0m Cache rebuild: adding edge [3msource[0m[2m=[0m9v1 [3mtarget[0m[2m=[0m0v1 [3msource_handle[0m[2m=[0mSome("Success")
[2m2026-04-02T13:12:27.874896Z[0m [34mDEBUG[0m [1mupdate_graph_topology[0m[2m:[0m [2mferroflux_core::systems::transport[0m[2m:[0m Cache rebuild: adding edge [3msource[0m[2m=[0m9v1 [3mtarget[0m[2m=[0m0v1 [3msource_handle[0m[2m=[0mSome("body")
[2m2026-04-02T13:12:27.874909Z[0m [34mDEBUG[0m [1mupdate_graph_topology[0m[2m:[0m [2mferroflux_core::systems::transport[0m[2m:[0m Cache rebuild: adding edge [3msource[0m[2m=[0m0v1 [3mtarget[0m[2m=[0m1v1 [3msource_handle[0m[2m=[0mSome("Exec")
[2m2026-04-02T13:12:27.874919Z[0m [34mDEBUG[0m [1mupdate_graph_topology[0m[2m:[0m [2mferroflux_core::systems::transport[0m[2m:[0m Cache rebuild: adding edge [3msource[0m[2m=[0m9v1 [3mtarget[0m[2m=[0m1v1 [3msource_handle[0m[2m=[0mSome("body")
[2m2026-04-02T13:12:27.874928Z[0m [34mDEBUG[0m [1mupdate_graph_topology[0m[2m:[0m [2mferroflux_core::systems::transport[0m[2m:[0m Cache rebuild: adding edge [3msource[0m[2m=[0m1v1 [3mtarget[0m[2m=[0m2v1 [3msource_handle[0m[2m=[0mSome("Exec")
[2m2026-04-02T13:12:27.874938Z[0m [34mDEBUG[0m [1mupdate_graph_topology[0m[2m:[0m [2mferroflux_core::systems::transport[0m[2m:[0m Cache rebuild: adding edge [3msource[0m[2m=[0m2v1 [3mtarget[0m[2m=[0m3v1 [3msource_handle[0m[2m=[0mSome("Exec")
[2m2026-04-02T13:12:27.874949Z[0m [34mDEBUG[0m [1mupdate_graph_topology[0m[2m:[0m [2mferroflux_core::systems::transport[0m[2m:[0m Cache rebuild: adding edge [3msource[0m[2m=[0m3v1 [3mtarget[0m[2m=[0m4v1 [3msource_handle[0m[2m=[0mSome("Exec")
[2m2026-04-02T13:12:27.874957Z[0m [34mDEBUG[0m [1mupdate_graph_topology[0m[2m:[0m [2mferroflux_core::systems::transport[0m[2m:[0m Cache rebuild: adding edge [3msource[0m[2m=[0m0v1 [3mtarget[0m[2m=[0m4v1 [3msource_handle[0m[2m=[0mSome("result")
[2m2026-04-02T13:12:27.874966Z[0m [34mDEBUG[0m [1mupdate_graph_topology[0m[2m:[0m [2mferroflux_core::systems::transport[0m[2m:[0m Cache rebuild: adding edge [3msource[0m[2m=[0m2v1 [3mtarget[0m[2m=[0m4v1 [3msource_handle[0m[2m=[0mSome("result")
[2m2026-04-02T13:12:27.874975Z[0m [34mDEBUG[0m [1mupdate_graph_topology[0m[2m:[0m [2mferroflux_core::systems::transport[0m[2m:[0m Cache rebuild: adding edge [3msource[0m[2m=[0m4v1 [3mtarget[0m[2m=[0m6v1 [3msource_handle[0m[2m=[0mSome("False")
[2m2026-04-02T13:12:27.874985Z[0m [34mDEBUG[0m [1mupdate_graph_topology[0m[2m:[0m [2mferroflux_core::systems::transport[0m[2m:[0m Cache rebuild: adding edge [3msource[0m[2m=[0m4v1 [3mtarget[0m[2m=[0m5v1 [3msource_handle[0m[2m=[0mSome("True")
[2m2026-04-02T13:12:27.874994Z[0m [34mDEBUG[0m [1mupdate_graph_topology[0m[2m:[0m [2mferroflux_core::systems::transport[0m[2m:[0m Cache rebuild: adding edge [3msource[0m[2m=[0m1v1 [3mtarget[0m[2m=[0m5v1 [3msource_handle[0m[2m=[0mSome("result")
[2m2026-04-02T13:12:27.875003Z[0m [34mDEBUG[0m [1mupdate_graph_topology[0m[2m:[0m [2mferroflux_core::systems::transport[0m[2m:[0m Cache rebuild: adding edge [3msource[0m[2m=[0m3v1 [3mtarget[0m[2m=[0m5v1 [3msource_handle[0m[2m=[0mSome("result")
[2m2026-04-02T13:12:27.875011Z[0m [34mDEBUG[0m [1mupdate_graph_topology[0m[2m:[0m [2mferroflux_core::systems::transport[0m[2m:[0m Cache rebuild: adding edge [3msource[0m[2m=[0m5v1 [3mtarget[0m[2m=[0m7v1 [3msource_handle[0m[2m=[0mSome("True")
[2m2026-04-02T13:12:27.875021Z[0m [34mDEBUG[0m [1mupdate_graph_topology[0m[2m:[0m [2mferroflux_core::systems::transport[0m[2m:[0m Cache rebuild: adding edge [3msource[0m[2m=[0m5v1 [3mtarget[0m[2m=[0m8v1 [3msource_handle[0m[2m=[0mSome("False")
[2m2026-04-02T13:12:27.875053Z[0m [34mDEBUG[0m [1mtransport_worker[0m[2m:[0m [2mferroflux_core::systems::transport[0m[2m:[0m Moved ticket [3msource[0m[2m=[0m9v1 [3mtarget[0m[2m=[0m0v1 [3mport[0m[2m=[0mNone [3mtarget_handle[0m[2m=[0mSome("Exec")
[2m2026-04-02T13:12:27.875286Z[0m [34mDEBUG[0m [1mtransport_worker[0m[2m:[0m [2mferroflux_core::systems::transport[0m[2m:[0m Moved ticket [3msource[0m[2m=[0m9v1 [3mtarget[0m[2m=[0m0v1 [3mport[0m[2m=[0mNone [3mtarget_handle[0m[2m=[0mSome("input")
[2m2026-04-02T13:12:27.875300Z[0m [34mDEBUG[0m [1mtransport_worker[0m[2m:[0m [2mferroflux_core::systems::transport[0m[2m:[0m Moved ticket [3msource[0m[2m=[0m9v1 [3mtarget[0m[2m=[0m1v1 [3mport[0m[2m=[0mNone [3mtarget_handle[0m[2m=[0mSome("input")
[2m2026-04-02T13:12:27.875321Z[0m [34mDEBUG[0m [2mferroflux_core::systems::pipeline[0m[2m:[0m pipeline_execution_system: running query [3mcount[0m[2m=[0m10
[2m2026-04-02T13:12:27.875632Z[0m [34mDEBUG[0m [2mferroflux_core::systems::pipeline[0m[2m:[0m pipeline_execution_system: running query [3mcount[0m[2m=[0m10
>>> CASE 2: Low value order
[2m2026-04-02T13:12:27.875836Z[0m [32m INFO[0m [2mferroflux_core::api::handlers::trigger[0m[2m:[0m Processing TriggerNode command [3mnode_id[0m[2m=[0mce9ee1a2-1765-5705-b4eb-c8fce297fcb5
[2m2026-04-02T13:12:27.875855Z[0m [32m INFO[0m [2mferroflux_core::api::handlers::trigger[0m[2m:[0m Trigger sent to OUTBOX (Source Node) [3mentity[0m[2m=[0m9v1
[2m2026-04-02T13:12:27.875881Z[0m [34mDEBUG[0m [1mtransport_worker[0m[2m:[0m [2mferroflux_core::systems::transport[0m[2m:[0m Moved ticket [3msource[0m[2m=[0m9v1 [3mtarget[0m[2m=[0m0v1 [3mport[0m[2m=[0mNone [3mtarget_handle[0m[2m=[0mSome("Exec")
[2m2026-04-02T13:12:27.875893Z[0m [34mDEBUG[0m [1mtransport_worker[0m[2m:[0m [2mferroflux_core::systems::transport[0m[2m:[0m Moved ticket [3msource[0m[2m=[0m9v1 [3mtarget[0m[2m=[0m0v1 [3mport[0m[2m=[0mNone [3mtarget_handle[0m[2m=[0mSome("input")
[2m2026-04-02T13:12:27.875902Z[0m [34mDEBUG[0m [1mtransport_worker[0m[2m:[0m [2mferroflux_core::systems::transport[0m[2m:[0m Moved ticket [3msource[0m[2m=[0m9v1 [3mtarget[0m[2m=[0m1v1 [3mport[0m[2m=[0mNone [3mtarget_handle[0m[2m=[0mSome("input")
[2m2026-04-02T13:12:27.875916Z[0m [34mDEBUG[0m [2mferroflux_core::systems::pipeline[0m[2m:[0m pipeline_execution_system: running query [3mcount[0m[2m=[0m10
[2m2026-04-02T13:12:27.875969Z[0m [32m INFO[0m [2mferroflux_core::systems::pipeline[0m[2m:[0m Synchronization Gate: All inputs present, executing [3mentity[0m[2m=[0m0v1 [3mtrace_id[0m[2m=[0m2a3188e2-989f-4195-be3a-873985cca8a4
[2m2026-04-02T13:12:27.877593Z[0m [34mDEBUG[0m [2mferroflux_core::systems::pipeline::resolution[0m[2m:[0m CEL execution failed during resolution, using literal string [3mexpression[0m[2m=[0m"type" [3merror[0m[2m=[0mUndeclared reference to 'type'
[2m2026-04-02T13:12:27.877678Z[0m [34mDEBUG[0m [2mferroflux_core::systems::pipeline::resolution[0m[2m:[0m CEL execution failed during resolution, using literal string [3mexpression[0m[2m=[0m"query" [3merror[0m[2m=[0mUndeclared reference to 'query'
[2m2026-04-02T13:12:27.878574Z[0m [34mDEBUG[0m [2mferroflux_core::systems::pipeline::resolution[0m[2m:[0m CEL execution failed during resolution, using literal string [3mexpression[0m[2m=[0m"settings.other" [3merror[0m[2m=[0mNo such key: other
[2m2026-04-02T13:12:27.879537Z[0m [34mDEBUG[0m [2mferroflux_core::systems::pipeline::resolution[0m[2m:[0m CEL execution failed during resolution, using literal string [3mexpression[0m[2m=[0m"result" [3merror[0m[2m=[0mUndeclared reference to 'result'
[2m2026-04-02T13:12:27.879604Z[0m [34mDEBUG[0m [2mferroflux_core::systems::pipeline::resolution[0m[2m:[0m CEL execution failed during resolution, using literal string [3mexpression[0m[2m=[0m"steps.transform.result" [3merror[0m[2m=[0mNo such key: result
[2m2026-04-02T13:12:27.879802Z[0m [31mERROR[0m [2mferroflux_core::systems::pipeline[0m[2m:[0m Pipeline execution failed: Missing 'port' [3mtrace_id[0m[2m=[0m2a3188e2-989f-4195-be3a-873985cca8a4
[2m2026-04-02T13:12:27.879884Z[0m [34mDEBUG[0m [2mferroflux_core::systems::pipeline[0m[2m:[0m pipeline_execution_system: running query [3mcount[0m[2m=[0m10
>>> CASE 3: Not an order
[2m2026-04-02T13:12:27.879925Z[0m [32m INFO[0m [2mferroflux_core::api::handlers::trigger[0m[2m:[0m Processing TriggerNode command [3mnode_id[0m[2m=[0mce9ee1a2-1765-5705-b4eb-c8fce297fcb5
[2m2026-04-02T13:12:27.879946Z[0m [32m INFO[0m [2mferroflux_core::api::handlers::trigger[0m[2m:[0m Trigger sent to OUTBOX (Source Node) [3mentity[0m[2m=[0m9v1
[2m2026-04-02T13:12:27.879970Z[0m [34mDEBUG[0m [1mtransport_worker[0m[2m:[0m [2mferroflux_core::systems::transport[0m[2m:[0m Moved ticket [3msource[0m[2m=[0m9v1 [3mtarget[0m[2m=[0m0v1 [3mport[0m[2m=[0mNone [3mtarget_handle[0m[2m=[0mSome("Exec")
[2m2026-04-02T13:12:27.879980Z[0m [34mDEBUG[0m [1mtransport_worker[0m[2m:[0m [2mferroflux_core::systems::transport[0m[2m:[0m Moved ticket [3msource[0m[2m=[0m9v1 [3mtarget[0m[2m=[0m0v1 [3mport[0m[2m=[0mNone [3mtarget_handle[0m[2m=[0mSome("input")
[2m2026-04-02T13:12:27.879990Z[0m [34mDEBUG[0m [1mtransport_worker[0m[2m:[0m [2mferroflux_core::systems::transport[0m[2m:[0m Moved ticket [3msource[0m[2m=[0m9v1 [3mtarget[0m[2m=[0m1v1 [3mport[0m[2m=[0mNone [3mtarget_handle[0m[2m=[0mSome("input")
[2m2026-04-02T13:12:27.880003Z[0m [34mDEBUG[0m [2mferroflux_core::systems::pipeline[0m[2m:[0m pipeline_execution_system: running query [3mcount[0m[2m=[0m10
[2m2026-04-02T13:12:27.880017Z[0m [32m INFO[0m [2mferroflux_core::systems::pipeline[0m[2m:[0m Synchronization Gate: All inputs present, executing [3mentity[0m[2m=[0m0v1 [3mtrace_id[0m[2m=[0m3c501298-0684-4e6d-b5c9-93b913c98e4f
[2m2026-04-02T13:12:27.880367Z[0m [34mDEBUG[0m [2mferroflux_core::systems::pipeline::resolution[0m[2m:[0m CEL execution failed during resolution, using literal string [3mexpression[0m[2m=[0m"type" [3merror[0m[2m=[0mUndeclared reference to 'type'
[2m2026-04-02T13:12:27.880408Z[0m [34mDEBUG[0m [2mferroflux_core::systems::pipeline::resolution[0m[2m:[0m CEL execution failed during resolution, using literal string [3mexpression[0m[2m=[0m"query" [3merror[0m[2m=[0mUndeclared reference to 'query'
[2m2026-04-02T13:12:27.880644Z[0m [34mDEBUG[0m [2mferroflux_core::systems::pipeline::resolution[0m[2m:[0m CEL execution failed during resolution, using literal string [3mexpression[0m[2m=[0m"settings.other" [3merror[0m[2m=[0mNo such key: other
[2m2026-04-02T13:12:27.880700Z[0m [34mDEBUG[0m [2mferroflux_core::systems::pipeline::resolution[0m[2m:[0m CEL execution failed during resolution, using literal string [3mexpression[0m[2m=[0m"result" [3merror[0m[2m=[0mUndeclared reference to 'result'
[2m2026-04-02T13:12:27.880763Z[0m [34mDEBUG[0m [2mferroflux_core::systems::pipeline::resolution[0m[2m:[0m CEL execution failed during resolution, using literal string [3mexpression[0m[2m=[0m"steps.transform.result" [3merror[0m[2m=[0mNo such key: result
[2m2026-04-02T13:12:27.880863Z[0m [31mERROR[0m [2mferroflux_core::systems::pipeline[0m[2m:[0m Pipeline execution failed: Missing 'port' [3mtrace_id[0m[2m=[0m3c501298-0684-4e6d-b5c9-93b913c98e4f
[2m2026-04-02T13:12:27.880934Z[0m [34mDEBUG[0m [2mferroflux_core::systems::pipeline[0m[2m:[0m pipeline_execution_system: running query [3mcount[0m[2m=[0m10
test test_nested_conditions ... ok

test result: ok. 1 passed; 0 failed; 0 ignored; 0 measured; 0 filtered out; finished in 0.57s

